// Jest Snapshot v1, https://goo.gl/fbAQLP

exports[`Home renders correctly 1`] = `
<div
  className="container-fluid"
>
  <div
    className="row"
  >
    <div
      className="col-md-1"
    />
    <div
      className="col-md-3"
    >
      <h4
        className="text-center mt-5"
      >
        Mission Statement
      </h4>
      <p>
        The Central Florida Railway Historical Society, Inc. promotes railway heritage preservation and educates its members and the public about rail transportation, its history and impact, with a focus on Central Florida.
      </p>
      <h4
        className="text-center mt-5"
      >
        Meetings
      </h4>
      <p>
        Held the second Monday of each month at 7:00 PM in the Central Florida Railroad Museum, 101 South Boyd Street, in downtown historic Winter Garden.
      </p>
      <div
        className="calendar"
      >
        <a
          aria-pressed="true"
          className="btn btn-primary btn-sm"
          href="https://calendar.google.com/calendar/htmlembed?height=600&wkst=1&bgcolor=%23FFFFFF&src=7ud72iu9um3qrqeprt153j36qk%40group.calendar.google.com&color=%2323164E&ctz=America%2FNew_York"
          rel="noopener noreferrer"
          role="button"
          target="_blank"
        >
          <i
            aria-hidden="true"
            className="fa fa-calendar"
          />
          Â  Events Calendar
        </a>
      </div>
    </div>
    <div
      className="col-md-8 text-center"
    >
      <img
        alt="Central Florida Railroad Museum"
        className="img-fluid img-depot"
        src="CFRRMuseum.jpg"
      />
    </div>
  </div>
</div>
`;
