// Jest Snapshot v1, https://goo.gl/fbAQLP

exports[`TitleBar renders correctly 1`] = `
<div
  className="container-fluid"
>
  <div
    className="row align-items-center"
  >
    <div
      className="col-sm-12 col-md-4 col-lg-3"
    >
      <div
        className="container p-0 text-center"
      >
        <img
          alt="Central Florida Railway Historical Society Logo"
          className="logo img-fluid"
          src="CFRHSLogoSmall.JPG"
          width="350"
        />
      </div>
    </div>
    <div
      className="col-sm-12 col-md-8 col-lg-6"
    >
      <h1
        className="text-center title mx-auto"
      >
        Central Florida Railway Historical Society, Inc.
      </h1>
    </div>
  </div>
</div>
`;
